2019.01.28, 11:02:45.0934 UTC -> c6473df1-21cd-445c-ab41-36f88b481862
2019.01.28, 11:02:46.0393 UTC -> invalid_api_key: bgonka09ldn6
2019.01.28, 11:02:47.0059 UTC -> unknown_transaction_id: 17158d97-d0c2-467c-9bc1-82dede244872
2019.01.28, 11:02:47.0288 UTC -> invalid_transaction_id: ml76obbbkolk
